ERROR expiry=2024-01-04 TypeError("float() argument must be a string or a real number, not 'Series'")
expiry=2024-01-11 trades=2 selector=OTM789_FRESH
expiry=2024-01-18 trades=1 selector=OTM789_FRESH
expiry=2024-01-25 trades=3 selector=OTM789_FRESH
expiry=2024-02-01 trades=1 selector=OTM789_FRESH
expiry=2024-02-08 trades=1 selector=OTM789_FRESH
expiry=2024-02-15 trades=2 selector=OTM789_FRESH
expiry=2024-02-22 trades=3 selector=OTM789_FRESH
expiry=2024-02-29 trades=2 selector=OTM789_FRESH
expiry=2024-03-07 trades=2 selector=OTM789_FRESH
expiry=2024-03-14 trades=2 selector=OTM789_FRESH
expiry=2024-03-21 trades=2 selector=OTM789_FRESH
expiry=2024-03-28 trades=2 selector=OTM789_FRESH
expiry=2024-04-04 trades=1 selector=OTM789_FRESH
expiry=2024-04-10 trades=2 selector=OTM789_FRESH
expiry=2024-04-18 trades=3 selector=OTM789_FRESH
expiry=2024-04-25 trades=3 selector=OTM789_FRESH
expiry=2024-05-02 trades=1 selector=OTM789_FRESH
expiry=2024-05-09 trades=3 selector=OTM789_FRESH
expiry=2024-05-16 trades=2 selector=OTM789_FRESH
expiry=2024-05-23 trades=2 selector=OTM789_FRESH
expiry=2024-05-30 trades=1 selector=OTM789_FRESH
expiry=2024-06-06 trades=1 selector=OTM789_FRESH
expiry=2024-06-13 trades=2 selector=OTM789_FRESH
expiry=2024-06-20 trades=1 selector=OTM789_FRESH
expiry=2024-06-27 trades=2 selector=OTM789_FRESH
expiry=2024-07-04 trades=2 selector=OTM789_FRESH
expiry=2024-07-11 trades=3 selector=OTM789_FRESH
expiry=2024-07-18 trades=2 selector=OTM789_FRESH
expiry=2024-07-25 trades=3 selector=OTM789_FRESH
expiry=2024-08-01 trades=2 selector=OTM789_FRESH
expiry=2024-08-08 trades=4 selector=OTM789_FRESH
expiry=2024-08-14 trades=1 selector=OTM789_FRESH
expiry=2024-08-22 trades=2 selector=OTM789_FRESH
expiry=2024-08-29 trades=2 selector=OTM789_FRESH
expiry=2024-09-05 trades=1 selector=OTM789_FRESH
expiry=2024-09-12 trades=4 selector=OTM789_FRESH
expiry=2024-09-19 trades=1 selector=OTM789_FRESH
expiry=2024-09-26 trades=2 selector=OTM789_FRESH
expiry=2024-10-03 trades=3 selector=OTM789_FRESH
expiry=2024-10-10 trades=3 selector=OTM789_FRESH
expiry=2024-10-17 trades=2 selector=OTM789_FRESH
expiry=2024-10-24 trades=1 selector=OTM789_FRESH
expiry=2024-10-31 trades=3 selector=OTM789_FRESH
expiry=2024-11-07 trades=2 selector=OTM789_FRESH
expiry=2024-11-14 trades=2 selector=OTM789_FRESH
expiry=2024-11-21 trades=3 selector=OTM789_FRESH
expiry=2024-11-28 trades=2 selector=OTM789_FRESH
expiry=2024-12-05 trades=2 selector=OTM789_FRESH
expiry=2024-12-12 trades=1 selector=OTM789_FRESH
expiry=2024-12-19 trades=1 selector=OTM789_FRESH
expiry=2024-12-26 trades=2 selector=OTM789_FRESH
ERROR expiry=2025-01-02 TypeError("float() argument must be a string or a real number, not 'Series'")
ERROR expiry=2025-01-09 TypeError("float() argument must be a string or a real number, not 'Series'")
ERROR expiry=2025-01-16 TypeError("float() argument must be a string or a real number, not 'Series'")
ERROR expiry=2025-01-23 TypeError("float() argument must be a string or a real number, not 'Series'")
ERROR expiry=2025-01-30 TypeError("float() argument must be a string or a real number, not 'Series'")
ERROR expiry=2025-02-06 TypeError("float() argument must be a string or a real number, not 'Series'")
ERROR expiry=2025-02-13 TypeError("float() argument must be a string or a real number, not 'Series'")
expiry=2025-02-20 trades=3 selector=OTM789_FRESH
expiry=2025-02-27 trades=2 selector=OTM789_FRESH
expiry=2025-03-06 trades=3 selector=OTM789_FRESH
expiry=2025-03-13 trades=1 selector=OTM789_FRESH
expiry=2025-03-20 trades=2 selector=OTM789_FRESH
expiry=2025-03-27 trades=3 selector=OTM789_FRESH
expiry=2025-04-03 trades=2 selector=OTM789_FRESH
expiry=2025-09-02 trades=2 selector=OTM789_FRESH
expiry=2025-09-09 trades=2 selector=OTM789_FRESH
expiry=2025-09-16 trades=2 selector=OTM789_FRESH
expiry=2025-09-23 trades=1 selector=OTM789_FRESH
expiry=2025-09-30 trades=3 selector=OTM789_FRESH
expiry=2025-10-07 trades=2 selector=OTM789_FRESH
expiry=2025-10-14 trades=1 selector=OTM789_FRESH
expiry=2025-10-28 trades=3 selector=OTM789_FRESH
expiry=2025-11-04 trades=2 selector=OTM789_FRESH
expiry=2025-11-11 trades=3 selector=OTM789_FRESH
expiry=2025-11-18 trades=1 selector=OTM789_FRESH
expiry=2025-11-25 trades=3 selector=OTM789_FRESH
expiry=2025-12-02 trades=2 selector=OTM789_FRESH
expiry=2025-12-09 trades=1 selector=OTM789_FRESH
expiry=2025-12-16 trades=1 selector=OTM789_FRESH
expiry=2025-12-23 trades=2 selector=OTM789_FRESH
expiry=2025-12-30 trades=2 selector=OTM789_FRESH
expiry=2026-01-06 trades=2 selector=OTM789_FRESH
expiry=2026-01-13 trades=6 selector=OTM789_FRESH
expiry=2026-01-20 trades=1 selector=OTM789_FRESH
expiry=2026-01-27 trades=4 selector=OTM789_FRESH
expiry=2026-02-03 trades=3 selector=OTM789_FRESH
expiry=2026-02-10 trades=1 selector=OTM789_FRESH
expiry=2026-02-17 trades=2 selector=OTM789_FRESH
expiry=2026-02-24 trades=2 selector=OTM789_FRESH
expiry=2026-03-02 trades=2 selector=OTM789_FRESH
expiry=2026-03-10 trades=2 selector=OTM789_FRESH
expiry=2026-03-17 trades=3 selector=OTM789_FRESH
expiry=2026-03-24 trades=3 selector=OTM789_FRESH
expiry=2026-03-30 trades=1 selector=OTM789_FRESH
expiry=2026-04-07 trades=3 selector=OTM789_FRESH
expiry=2026-04-13 trades=1 selector=OTM789_FRESH
expiry=2026-04-21 trades=1 selector=OTM789_FRESH
expiry=2026-04-28 trades=2 selector=OTM789_FRESH
expiry=2026-05-05 trades=1 selector=OTM789_FRESH
expiry=2026-05-12 trades=2 selector=OTM789_FRESH
expiry=2026-05-19 trades=1 selector=OTM789_FRESH
{
  "selector": "OTM789_FRESH",
  "sample_start": "2024-01-01",
  "sample_end": "2026-06-30",
  "trades": 195,
  "net_pnl": -19610.29229951084,
  "gross_pnl": 564.0000000001564,
  "costs": 20174.292299511002,
  "win_rate": 0.6256410256410256,
  "profit_factor": 0.9407225984198548,
  "max_drawdown": 102707.28892846996,
  "call_trades": 30,
  "put_trades": 165,
  "delta_exit_trades": 194,
  "expiry_termination_trades": 1,
  "mean_net": -100.56560153595302,
  "median_net": 1191.576611810001,
  "mean_hold_minutes": 4061.2410256410258,
  "processed_expiries": 95,
  "selector_cache_expiries": 117
}
