expiry=2024-01-04 trades=0 selector=OOF_STACK
expiry=2024-01-11 trades=2 selector=OOF_STACK
expiry=2024-01-18 trades=1 selector=OOF_STACK
expiry=2024-01-25 trades=3 selector=OOF_STACK
expiry=2024-02-01 trades=0 selector=OOF_STACK
expiry=2024-02-08 trades=1 selector=OOF_STACK
expiry=2024-02-15 trades=2 selector=OOF_STACK
expiry=2024-02-22 trades=3 selector=OOF_STACK
expiry=2024-02-29 trades=2 selector=OOF_STACK
expiry=2024-03-07 trades=2 selector=OOF_STACK
expiry=2024-03-14 trades=0 selector=OOF_STACK
expiry=2024-03-21 trades=2 selector=OOF_STACK
expiry=2024-03-28 trades=2 selector=OOF_STACK
expiry=2024-04-04 trades=0 selector=OOF_STACK
expiry=2024-04-10 trades=2 selector=OOF_STACK
expiry=2024-04-18 trades=3 selector=OOF_STACK
expiry=2024-04-25 trades=3 selector=OOF_STACK
expiry=2024-05-02 trades=1 selector=OOF_STACK
expiry=2024-05-09 trades=3 selector=OOF_STACK
expiry=2024-05-16 trades=2 selector=OOF_STACK
expiry=2024-05-23 trades=2 selector=OOF_STACK
expiry=2024-05-30 trades=1 selector=OOF_STACK
expiry=2024-06-06 trades=3 selector=OOF_STACK
expiry=2024-06-13 trades=2 selector=OOF_STACK
expiry=2024-06-20 trades=2 selector=OOF_STACK
expiry=2024-06-27 trades=2 selector=OOF_STACK
expiry=2024-07-04 trades=2 selector=OOF_STACK
expiry=2024-07-11 trades=3 selector=OOF_STACK
expiry=2024-07-18 trades=2 selector=OOF_STACK
expiry=2024-07-25 trades=3 selector=OOF_STACK
expiry=2024-08-01 trades=2 selector=OOF_STACK
expiry=2024-08-08 trades=2 selector=OOF_STACK
expiry=2024-08-14 trades=1 selector=OOF_STACK
expiry=2024-08-22 trades=2 selector=OOF_STACK
expiry=2024-08-29 trades=2 selector=OOF_STACK
expiry=2024-09-05 trades=1 selector=OOF_STACK
expiry=2024-09-12 trades=4 selector=OOF_STACK
expiry=2024-09-19 trades=1 selector=OOF_STACK
expiry=2024-09-26 trades=2 selector=OOF_STACK
expiry=2024-10-03 trades=3 selector=OOF_STACK
expiry=2024-10-10 trades=3 selector=OOF_STACK
expiry=2024-10-17 trades=2 selector=OOF_STACK
expiry=2024-10-24 trades=4 selector=OOF_STACK
expiry=2024-10-31 trades=3 selector=OOF_STACK
expiry=2024-11-07 trades=0 selector=OOF_STACK
expiry=2024-11-14 trades=3 selector=OOF_STACK
expiry=2024-11-21 trades=0 selector=OOF_STACK
expiry=2024-11-28 trades=2 selector=OOF_STACK
expiry=2024-12-05 trades=2 selector=OOF_STACK
expiry=2024-12-12 trades=1 selector=OOF_STACK
expiry=2024-12-19 trades=1 selector=OOF_STACK
expiry=2024-12-26 trades=2 selector=OOF_STACK
expiry=2025-01-02 trades=2 selector=OOF_STACK
expiry=2025-01-09 trades=3 selector=OOF_STACK
expiry=2025-01-16 trades=2 selector=OOF_STACK
expiry=2025-01-23 trades=1 selector=OOF_STACK
expiry=2025-01-30 trades=2 selector=OOF_STACK
expiry=2025-02-06 trades=2 selector=OOF_STACK
expiry=2025-02-13 trades=3 selector=OOF_STACK
expiry=2025-02-20 trades=3 selector=OOF_STACK
expiry=2025-02-27 trades=2 selector=OOF_STACK
expiry=2025-03-06 trades=4 selector=OOF_STACK
expiry=2025-03-13 trades=1 selector=OOF_STACK
expiry=2025-03-20 trades=0 selector=OOF_STACK
expiry=2025-03-27 trades=3 selector=OOF_STACK
expiry=2025-04-03 trades=3 selector=OOF_STACK
expiry=2025-09-02 trades=0 selector=OOF_STACK
expiry=2025-09-09 trades=2 selector=OOF_STACK
expiry=2025-09-16 trades=2 selector=OOF_STACK
expiry=2025-09-23 trades=1 selector=OOF_STACK
expiry=2025-09-30 trades=3 selector=OOF_STACK
expiry=2025-10-07 trades=2 selector=OOF_STACK
expiry=2025-10-14 trades=1 selector=OOF_STACK
expiry=2025-10-28 trades=0 selector=OOF_STACK
expiry=2025-11-04 trades=2 selector=OOF_STACK
expiry=2025-11-11 trades=0 selector=OOF_STACK
expiry=2025-11-18 trades=2 selector=OOF_STACK
expiry=2025-11-25 trades=3 selector=OOF_STACK
expiry=2025-12-02 trades=3 selector=OOF_STACK
expiry=2025-12-09 trades=1 selector=OOF_STACK
expiry=2025-12-16 trades=2 selector=OOF_STACK
expiry=2025-12-23 trades=2 selector=OOF_STACK
expiry=2025-12-30 trades=3 selector=OOF_STACK
expiry=2026-01-06 trades=2 selector=OOF_STACK
expiry=2026-01-13 trades=5 selector=OOF_STACK
expiry=2026-01-20 trades=2 selector=OOF_STACK
expiry=2026-01-27 trades=4 selector=OOF_STACK
expiry=2026-02-03 trades=3 selector=OOF_STACK
expiry=2026-02-10 trades=1 selector=OOF_STACK
expiry=2026-02-17 trades=3 selector=OOF_STACK
expiry=2026-02-24 trades=1 selector=OOF_STACK
expiry=2026-03-02 trades=1 selector=OOF_STACK
expiry=2026-03-10 trades=2 selector=OOF_STACK
expiry=2026-03-17 trades=2 selector=OOF_STACK
expiry=2026-03-24 trades=3 selector=OOF_STACK
expiry=2026-03-30 trades=1 selector=OOF_STACK
expiry=2026-04-07 trades=1 selector=OOF_STACK
expiry=2026-04-13 trades=1 selector=OOF_STACK
expiry=2026-04-21 trades=1 selector=OOF_STACK
expiry=2026-04-28 trades=2 selector=OOF_STACK
expiry=2026-05-05 trades=1 selector=OOF_STACK
expiry=2026-05-12 trades=2 selector=OOF_STACK
expiry=2026-05-19 trades=1 selector=OOF_STACK
{
  "selector": "OOF_STACK",
  "sample_start": "2024-01-01",
  "sample_end": "2026-06-30",
  "trades": 198,
  "net_pnl": 24765.714948705176,
  "gross_pnl": 44128.50000000018,
  "costs": 19362.785051295,
  "win_rate": 0.6363636363636364,
  "profit_factor": 1.0807121829666804,
  "max_drawdown": 62024.8235049699,
  "call_trades": 38,
  "put_trades": 160,
  "delta_exit_trades": 198,
  "expiry_termination_trades": 0,
  "mean_net": 125.07936842780391,
  "median_net": 1253.1355018550003,
  "mean_hold_minutes": 4045.9646464646466,
  "processed_expiries": 103,
  "selector_cache_expiries": 117,
  "corrected_mapping": "bullish_up_to_put_bearish_down_to_call"
}
