expiry=2024-01-04 trades=0 selector=CATBOOST
expiry=2024-01-11 trades=2 selector=CATBOOST
expiry=2024-01-18 trades=1 selector=CATBOOST
expiry=2024-01-25 trades=3 selector=CATBOOST
expiry=2024-02-01 trades=0 selector=CATBOOST
expiry=2024-02-08 trades=1 selector=CATBOOST
expiry=2024-02-15 trades=2 selector=CATBOOST
expiry=2024-02-22 trades=1 selector=CATBOOST
expiry=2024-02-29 trades=2 selector=CATBOOST
expiry=2024-03-07 trades=4 selector=CATBOOST
expiry=2024-03-14 trades=0 selector=CATBOOST
expiry=2024-03-21 trades=2 selector=CATBOOST
expiry=2024-03-28 trades=1 selector=CATBOOST
expiry=2024-04-04 trades=0 selector=CATBOOST
expiry=2024-04-10 trades=2 selector=CATBOOST
expiry=2024-04-18 trades=3 selector=CATBOOST
expiry=2024-04-25 trades=3 selector=CATBOOST
expiry=2024-05-02 trades=1 selector=CATBOOST
expiry=2024-05-09 trades=2 selector=CATBOOST
expiry=2024-05-16 trades=2 selector=CATBOOST
expiry=2024-05-23 trades=2 selector=CATBOOST
expiry=2024-05-30 trades=1 selector=CATBOOST
expiry=2024-06-06 trades=1 selector=CATBOOST
expiry=2024-06-13 trades=2 selector=CATBOOST
expiry=2024-06-20 trades=1 selector=CATBOOST
expiry=2024-06-27 trades=2 selector=CATBOOST
expiry=2024-07-04 trades=1 selector=CATBOOST
expiry=2024-07-11 trades=1 selector=CATBOOST
expiry=2024-07-18 trades=2 selector=CATBOOST
expiry=2024-07-25 trades=3 selector=CATBOOST
expiry=2024-08-01 trades=3 selector=CATBOOST
expiry=2024-08-08 trades=4 selector=CATBOOST
expiry=2024-08-14 trades=2 selector=CATBOOST
expiry=2024-08-22 trades=2 selector=CATBOOST
expiry=2024-08-29 trades=2 selector=CATBOOST
expiry=2024-09-05 trades=1 selector=CATBOOST
expiry=2024-09-12 trades=2 selector=CATBOOST
expiry=2024-09-19 trades=1 selector=CATBOOST
expiry=2024-09-26 trades=3 selector=CATBOOST
expiry=2024-10-03 trades=2 selector=CATBOOST
expiry=2024-10-10 trades=3 selector=CATBOOST
expiry=2024-10-17 trades=1 selector=CATBOOST
expiry=2024-10-24 trades=1 selector=CATBOOST
expiry=2024-10-31 trades=2 selector=CATBOOST
expiry=2024-11-07 trades=0 selector=CATBOOST
expiry=2024-11-14 trades=2 selector=CATBOOST
expiry=2024-11-21 trades=0 selector=CATBOOST
expiry=2024-11-28 trades=3 selector=CATBOOST
expiry=2024-12-05 trades=2 selector=CATBOOST
expiry=2024-12-12 trades=2 selector=CATBOOST
expiry=2024-12-19 trades=1 selector=CATBOOST
expiry=2024-12-26 trades=2 selector=CATBOOST
expiry=2025-01-02 trades=3 selector=CATBOOST
expiry=2025-01-09 trades=3 selector=CATBOOST
expiry=2025-01-16 trades=2 selector=CATBOOST
expiry=2025-01-23 trades=1 selector=CATBOOST
expiry=2025-01-30 trades=2 selector=CATBOOST
expiry=2025-02-06 trades=2 selector=CATBOOST
expiry=2025-02-13 trades=3 selector=CATBOOST
expiry=2025-02-20 trades=3 selector=CATBOOST
expiry=2025-02-27 trades=2 selector=CATBOOST
expiry=2025-03-06 trades=3 selector=CATBOOST
expiry=2025-03-13 trades=1 selector=CATBOOST
expiry=2025-03-20 trades=0 selector=CATBOOST
expiry=2025-03-27 trades=3 selector=CATBOOST
expiry=2025-04-03 trades=2 selector=CATBOOST
expiry=2025-09-02 trades=0 selector=CATBOOST
expiry=2025-09-09 trades=2 selector=CATBOOST
expiry=2025-09-16 trades=1 selector=CATBOOST
expiry=2025-09-23 trades=1 selector=CATBOOST
expiry=2025-09-30 trades=2 selector=CATBOOST
expiry=2025-10-07 trades=3 selector=CATBOOST
expiry=2025-10-14 trades=1 selector=CATBOOST
expiry=2025-10-28 trades=0 selector=CATBOOST
expiry=2025-11-04 trades=2 selector=CATBOOST
expiry=2025-11-11 trades=0 selector=CATBOOST
expiry=2025-11-18 trades=1 selector=CATBOOST
expiry=2025-11-25 trades=3 selector=CATBOOST
expiry=2025-12-02 trades=2 selector=CATBOOST
expiry=2025-12-09 trades=1 selector=CATBOOST
expiry=2025-12-16 trades=1 selector=CATBOOST
expiry=2025-12-23 trades=2 selector=CATBOOST
expiry=2025-12-30 trades=2 selector=CATBOOST
expiry=2026-01-06 trades=3 selector=CATBOOST
expiry=2026-01-13 trades=6 selector=CATBOOST
expiry=2026-01-20 trades=1 selector=CATBOOST
expiry=2026-01-27 trades=1 selector=CATBOOST
expiry=2026-02-03 trades=3 selector=CATBOOST
expiry=2026-02-10 trades=1 selector=CATBOOST
expiry=2026-02-17 trades=2 selector=CATBOOST
expiry=2026-02-24 trades=2 selector=CATBOOST
expiry=2026-03-02 trades=2 selector=CATBOOST
expiry=2026-03-10 trades=2 selector=CATBOOST
expiry=2026-03-17 trades=3 selector=CATBOOST
expiry=2026-03-24 trades=3 selector=CATBOOST
expiry=2026-03-30 trades=1 selector=CATBOOST
expiry=2026-04-07 trades=3 selector=CATBOOST
expiry=2026-04-13 trades=1 selector=CATBOOST
expiry=2026-04-21 trades=1 selector=CATBOOST
expiry=2026-04-28 trades=2 selector=CATBOOST
expiry=2026-05-05 trades=1 selector=CATBOOST
expiry=2026-05-12 trades=2 selector=CATBOOST
expiry=2026-05-19 trades=1 selector=CATBOOST
{
  "selector": "CATBOOST",
  "sample_start": "2024-01-01",
  "sample_end": "2026-06-30",
  "trades": 184,
  "net_pnl": -92977.93103883692,
  "gross_pnl": -72571.49999999993,
  "costs": 20406.431038837,
  "win_rate": 0.5489130434782609,
  "profit_factor": 0.7572413241052062,
  "max_drawdown": 114550.42407444997,
  "call_trades": 93,
  "put_trades": 91,
  "delta_exit_trades": 183,
  "expiry_termination_trades": 1,
  "mean_net": -505.31484260237454,
  "median_net": 1131.3924045500007,
  "mean_hold_minutes": 4379.375,
  "processed_expiries": 103,
  "selector_cache_expiries": 117
}
